------------------------------------------------------------
TimeQuest Timing Analyzer Summary
------------------------------------------------------------

Type  : Slow Model Setup 'clk'
Slack : -7.518
TNS   : -1198.053

Type  : Slow Model Hold 'clk'
Slack : -1.433
TNS   : -1.433

Type  : Slow Model Recovery 'lcd_user_logic:inst5|trig_voice'
Slack : -3.807
TNS   : -3.807

Type  : Slow Model Recovery 'clk'
Slack : -3.142
TNS   : -364.585

Type  : Slow Model Recovery 'trig2'
Slack : -2.799
TNS   : -2.799

Type  : Slow Model Recovery 'trig'
Slack : -2.659
TNS   : -2.659

Type  : Slow Model Recovery 'trig3'
Slack : -2.400
TNS   : -2.400

Type  : Slow Model Recovery 'trig4'
Slack : -1.795
TNS   : -1.795

Type  : Slow Model Removal 'trig4'
Slack : 1.605
TNS   : 0.000

Type  : Slow Model Removal 'trig'
Slack : 2.074
TNS   : 0.000

Type  : Slow Model Removal 'clk'
Slack : 2.077
TNS   : 0.000

Type  : Slow Model Removal 'trig3'
Slack : 2.412
TNS   : 0.000

Type  : Slow Model Removal 'trig2'
Slack : 2.773
TNS   : 0.000

Type  : Slow Model Removal 'lcd_user_logic:inst5|trig_voice'
Slack : 3.606
TNS   : 0.000

Type  : Slow Model Minimum Pulse Width 'clk'
Slack : -1.380
TNS   : -320.380

Type  : Slow Model Minimum Pulse Width 'trig'
Slack : -1.222
TNS   : -2.222

Type  : Slow Model Minimum Pulse Width 'trig2'
Slack : -1.222
TNS   : -2.222

Type  : Slow Model Minimum Pulse Width 'trig3'
Slack : -1.222
TNS   : -2.222

Type  : Slow Model Minimum Pulse Width 'trig4'
Slack : -1.222
TNS   : -2.222

Type  : Slow Model Minimum Pulse Width 'lcd_user_logic:inst5|trig_voice'
Slack : -0.500
TNS   : -1.000

Type  : Fast Model Setup 'clk'
Slack : -2.945
TNS   : -397.470

Type  : Fast Model Hold 'clk'
Slack : -1.133
TNS   : -1.133

Type  : Fast Model Recovery 'lcd_user_logic:inst5|trig_voice'
Slack : -1.802
TNS   : -1.802

Type  : Fast Model Recovery 'trig2'
Slack : -1.290
TNS   : -1.290

Type  : Fast Model Recovery 'trig'
Slack : -1.203
TNS   : -1.203

Type  : Fast Model Recovery 'trig3'
Slack : -1.086
TNS   : -1.086

Type  : Fast Model Recovery 'clk'
Slack : -0.981
TNS   : -106.951

Type  : Fast Model Recovery 'trig4'
Slack : -0.780
TNS   : -0.780

Type  : Fast Model Removal 'clk'
Slack : 1.037
TNS   : 0.000

Type  : Fast Model Removal 'trig4'
Slack : 1.245
TNS   : 0.000

Type  : Fast Model Removal 'trig'
Slack : 1.472
TNS   : 0.000

Type  : Fast Model Removal 'trig3'
Slack : 1.639
TNS   : 0.000

Type  : Fast Model Removal 'trig2'
Slack : 1.813
TNS   : 0.000

Type  : Fast Model Removal 'lcd_user_logic:inst5|trig_voice'
Slack : 2.273
TNS   : 0.000

Type  : Fast Model Minimum Pulse Width 'clk'
Slack : -1.380
TNS   : -320.380

Type  : Fast Model Minimum Pulse Width 'trig'
Slack : -1.222
TNS   : -2.222

Type  : Fast Model Minimum Pulse Width 'trig2'
Slack : -1.222
TNS   : -2.222

Type  : Fast Model Minimum Pulse Width 'trig3'
Slack : -1.222
TNS   : -2.222

Type  : Fast Model Minimum Pulse Width 'trig4'
Slack : -1.222
TNS   : -2.222

Type  : Fast Model Minimum Pulse Width 'lcd_user_logic:inst5|trig_voice'
Slack : -0.500
TNS   : -1.000

------------------------------------------------------------
